  Determining projects to restore...
  All projects are up-to-date for restore.
  SocOps -> /workspaces/my-soc-ops-csharp/SocOps/bin/Debug/net10.0/SocOps.dll
  SocOps (Blazor output) -> /workspaces/my-soc-ops-csharp/SocOps/bin/Debug/net10.0/wwwroot

Build succeeded.
    0 Warning(s)
    0 Error(s)

Time Elapsed 00:00:08.64
